20:56:53 **** Incremental Build of configuration Release for project app_v1 ****
make all 
make --no-print-directory pre-build
a9-linaro-pre-build-step
' '
make --no-print-directory main-build
'Building file: ../src/main.cpp'
'Invoking: ARM v7 g++ compiler'
arm-none-eabi-g++ -Wall -O2 -c -fmessage-length=0 -MT"src/main.o" -mcpu=cortex-a9 -mfpu=vfpv3 -mfloat-abi=hard -IC:/Users/macie/Desktop/testcases/mentor_security_trng_2.0/arty_z7_design/arty_z7_design.vitis/prototype_platform_v1/export/prototype_platform_v1/sw/prototype_platform_v1/standalone_domain/bspinclude/include -MMD -MP -MF"src/main.d" -MT"src/main.o" -o "src/main.o" "../src/main.cpp"
'Finished building: ../src/main.cpp'
' '
'Building target: app_v1.elf'
'Invoking: ARM v7 g++ linker'
arm-none-eabi-g++ -mcpu=cortex-a9 -mfpu=vfpv3 -mfloat-abi=hard -Wl,-build-id=none -specs=Xilinx.spec -Wl,-T -Wl,../src/lscript.ld -LC:/Users/macie/Desktop/testcases/mentor_security_trng_2.0/arty_z7_design/arty_z7_design.vitis/prototype_platform_v1/export/prototype_platform_v1/sw/prototype_platform_v1/standalone_domain/bsplib/lib -o "app_v1.elf"  ./src/main.o ./src/mt_xgpio.o   -Wl,--start-group,-lxil,-lgcc,-lc,-lstdc++,--end-group
'Finished building target: app_v1.elf'
' '
'Invoking: ARM v7 Print Size'
arm-none-eabi-size app_v1.elf  |tee "app_v1.elf.size"
   text	   data	    bss	    dec	    hex	filename
 553851	   2912	  29412	 586175	  8f1bf	app_v1.elf
'Finished building: app_v1.elf.size'
' '

20:56:55 Build Finished (took 1s.552ms)

